t=2026-09-13T04:07:47+0000 lvl=info msg="no configuration paths supplied"
t=2026-09-13T04:07:47+0000 lvl=info msg="using configuration at default config path" path=/data/data/com.termux/files/home/.config/ngrok/ngrok.yml
t=2026-09-13T04:07:47+0000 lvl=info msg="open config file" path=/data/data/com.termux/files/home/.config/ngrok/ngrok.yml err=<nil>
t=2026-09-13T04:07:47+0000 lvl=info msg="FIPS 140 mode" enabled=false
t=2026-09-13T04:07:47+0000 lvl=eror msg="unable to check interfaces" obj=tunnels.session err="route ip+net: netlinkrib: permission denied"
go package net: confVal.netCgo = true  netGo = false
go package net: ignoring GODEBUG=netdns=cgo as the binary was compiled without support for the cgo resolver
go package net: hostLookupOrder(connect.ngrok-agent.com) = files,dns
t=2026-09-13T04:07:47+0000 lvl=info msg="starting web service" obj=web addr=127.0.0.1:4040 allow_hosts=[]
t=2026-09-13T04:07:47+0000 lvl=eror msg="failed to reconnect session" obj=tunnels.session err="failed to dial ngrok server with address \"connect.ngrok-agent.com:443\": dial tcp: lookup connect.ngrok-agent.com on [::1]:53: read udp [::1]:60410->[::1]:53: read: connection refused"
go package net: hostLookupOrder(update.ngrok-agent.com) = files,dns
t=2026-09-13T04:07:47+0000 lvl=warn msg="failed to check for update" obj=updater err="Post \"https://update.ngrok-agent.com/check\": dial tcp: lookup update.ngrok-agent.com on [::1]:53: read udp [::1]:40984->[::1]:53: read: connection refused"
go package net: hostLookupOrder(connect.ngrok-agent.com) = files,dns
t=2026-09-13T04:07:47+0000 lvl=eror msg="failed to reconnect session" obj=tunnels.session err="failed to dial ngrok server with address \"connect.ngrok-agent.com:443\": dial tcp: lookup connect.ngrok-agent.com on [::1]:53: read udp [::1]:57722->[::1]:53: read: connection refused"
go package net: hostLookupOrder(connect.ngrok-agent.com) = files,dns
t=2026-09-13T04:07:48+0000 lvl=eror msg="failed to reconnect session" obj=tunnels.session err="failed to dial ngrok server with address \"connect.ngrok-agent.com:443\": dial tcp: lookup connect.ngrok-agent.com on [::1]:53: read udp [::1]:45637->[::1]:53: read: connection refused"
go package net: hostLookupOrder(connect.ngrok-agent.com) = files,dns
t=2026-09-13T04:07:50+0000 lvl=eror msg="failed to reconnect session" obj=tunnels.session err="failed to dial ngrok server with address \"connect.ngrok-agent.com:443\": dial tcp: lookup connect.ngrok-agent.com on [::1]:53: read udp [::1]:60868->[::1]:53: read: connection refused"
go package net: hostLookupOrder(connect.ngrok-agent.com) = files,dns
t=2026-09-13T04:07:54+0000 lvl=eror msg="failed to reconnect session" obj=tunnels.session err="failed to dial ngrok server with address \"connect.ngrok-agent.com:443\": dial tcp: lookup connect.ngrok-agent.com on [::1]:53: read udp [::1]:33884->[::1]:53: read: connection refused"
go package net: hostLookupOrder(connect.ngrok-agent.com) = files,dns
t=2026-09-13T04:08:02+0000 lvl=eror msg="failed to reconnect session" obj=tunnels.session err="failed to dial ngrok server with address \"connect.ngrok-agent.com:443\": dial tcp: lookup connect.ngrok-agent.com on [::1]:53: read udp [::1]:38470->[::1]:53: read: connection refused"
go package net: hostLookupOrder(connect.ngrok-agent.com) = files,dns
t=2026-09-13T04:08:18+0000 lvl=eror msg="failed to reconnect session" obj=tunnels.session err="failed to dial ngrok server with address \"connect.ngrok-agent.com:443\": dial tcp: lookup connect.ngrok-agent.com on [::1]:53: read udp [::1]:48031->[::1]:53: read: connection refused"
go package net: hostLookupOrder(connect.ngrok-agent.com) = files,dns
t=2026-09-13T04:08:48+0000 lvl=eror msg="failed to reconnect session" obj=tunnels.session err="failed to dial ngrok server with address \"connect.ngrok-agent.com:443\": dial tcp: lookup connect.ngrok-agent.com on [::1]:53: read udp [::1]:41588->[::1]:53: read: connection refused"
go package net: hostLookupOrder(connect.ngrok-agent.com) = files,dns
t=2026-09-13T04:09:18+0000 lvl=eror msg="failed to reconnect session" obj=tunnels.session err="failed to dial ngrok server with address \"connect.ngrok-agent.com:443\": dial tcp: lookup connect.ngrok-agent.com on [::1]:53: read udp [::1]:36898->[::1]:53: read: connection refused"
go package net: hostLookupOrder(connect.ngrok-agent.com) = files,dns
t=2026-09-13T04:09:48+0000 lvl=eror msg="failed to reconnect session" obj=tunnels.session err="failed to dial ngrok server with address \"connect.ngrok-agent.com:443\": dial tcp: lookup connect.ngrok-agent.com on [::1]:53: read udp [::1]:46522->[::1]:53: read: connection refused"
go package net: hostLookupOrder(connect.ngrok-agent.com) = files,dns
t=2026-09-13T04:10:18+0000 lvl=eror msg="failed to reconnect session" obj=tunnels.session err="failed to dial ngrok server with address \"connect.ngrok-agent.com:443\": dial tcp: lookup connect.ngrok-agent.com on [::1]:53: read udp [::1]:59966->[::1]:53: read: connection refused"
go package net: hostLookupOrder(connect.ngrok-agent.com) = files,dns
t=2026-09-13T04:10:48+0000 lvl=eror msg="failed to reconnect session" obj=tunnels.session err="failed to dial ngrok server with address \"connect.ngrok-agent.com:443\": dial tcp: lookup connect.ngrok-agent.com on [::1]:53: read udp [::1]:37993->[::1]:53: read: connection refused"
go package net: hostLookupOrder(connect.ngrok-agent.com) = files,dns
t=2026-09-13T04:11:18+0000 lvl=eror msg="failed to reconnect session" obj=tunnels.session err="failed to dial ngrok server with address \"connect.ngrok-agent.com:443\": dial tcp: lookup connect.ngrok-agent.com on [::1]:53: read udp [::1]:44722->[::1]:53: read: connection refused"
go package net: hostLookupOrder(connect.ngrok-agent.com) = files,dns
t=2026-09-13T04:11:48+0000 lvl=eror msg="failed to reconnect session" obj=tunnels.session err="failed to dial ngrok server with address \"connect.ngrok-agent.com:443\": dial tcp: lookup connect.ngrok-agent.com on [::1]:53: read udp [::1]:52273->[::1]:53: read: connection refused"
go package net: hostLookupOrder(connect.ngrok-agent.com) = files,dns
t=2026-09-13T04:12:18+0000 lvl=eror msg="failed to reconnect session" obj=tunnels.session err="failed to dial ngrok server with address \"connect.ngrok-agent.com:443\": dial tcp: lookup connect.ngrok-agent.com on [::1]:53: read udp [::1]:58603->[::1]:53: read: connection refused"
go package net: hostLookupOrder(connect.ngrok-agent.com) = files,dns
t=2026-09-13T04:12:48+0000 lvl=eror msg="failed to reconnect session" obj=tunnels.session err="failed to dial ngrok server with address \"connect.ngrok-agent.com:443\": dial tcp: lookup connect.ngrok-agent.com on [::1]:53: read udp [::1]:37763->[::1]:53: read: connection refused"
go package net: hostLookupOrder(connect.ngrok-agent.com) = files,dns
t=2026-09-13T04:13:18+0000 lvl=eror msg="failed to reconnect session" obj=tunnels.session err="failed to dial ngrok server with address \"connect.ngrok-agent.com:443\": dial tcp: lookup connect.ngrok-agent.com on [::1]:53: read udp [::1]:32902->[::1]:53: read: connection refused"
go package net: hostLookupOrder(connect.ngrok-agent.com) = files,dns
t=2026-09-13T04:13:48+0000 lvl=eror msg="failed to reconnect session" obj=tunnels.session err="failed to dial ngrok server with address \"connect.ngrok-agent.com:443\": dial tcp: lookup connect.ngrok-agent.com on [::1]:53: read udp [::1]:44441->[::1]:53: read: connection refused"
go package net: hostLookupOrder(connect.ngrok-agent.com) = files,dns
t=2026-09-13T04:14:18+0000 lvl=eror msg="failed to reconnect session" obj=tunnels.session err="failed to dial ngrok server with address \"connect.ngrok-agent.com:443\": dial tcp: lookup connect.ngrok-agent.com on [::1]:53: read udp [::1]:43173->[::1]:53: read: connection refused"
go package net: hostLookupOrder(connect.ngrok-agent.com) = files,dns
t=2026-09-13T04:14:48+0000 lvl=eror msg="failed to reconnect session" obj=tunnels.session err="failed to dial ngrok server with address \"connect.ngrok-agent.com:443\": dial tcp: lookup connect.ngrok-agent.com on [::1]:53: read udp [::1]:36473->[::1]:53: read: connection refused"
go package net: hostLookupOrder(connect.ngrok-agent.com) = files,dns
t=2026-09-13T04:15:18+0000 lvl=eror msg="failed to reconnect session" obj=tunnels.session err="failed to dial ngrok server with address \"connect.ngrok-agent.com:443\": dial tcp: lookup connect.ngrok-agent.com on [::1]:53: read udp [::1]:45183->[::1]:53: read: connection refused"
go package net: hostLookupOrder(connect.ngrok-agent.com) = files,dns
t=2026-09-13T04:15:48+0000 lvl=eror msg="failed to reconnect session" obj=tunnels.session err="failed to dial ngrok server with address \"connect.ngrok-agent.com:443\": dial tcp: lookup connect.ngrok-agent.com on [::1]:53: read udp [::1]:59482->[::1]:53: read: connection refused"
go package net: hostLookupOrder(connect.ngrok-agent.com) = files,dns
t=2026-09-13T04:16:18+0000 lvl=eror msg="failed to reconnect session" obj=tunnels.session err="failed to dial ngrok server with address \"connect.ngrok-agent.com:443\": dial tcp: lookup connect.ngrok-agent.com on [::1]:53: read udp [::1]:60321->[::1]:53: read: connection refused"
go package net: hostLookupOrder(connect.ngrok-agent.com) = files,dns
t=2026-09-13T04:16:48+0000 lvl=eror msg="failed to reconnect session" obj=tunnels.session err="failed to dial ngrok server with address \"connect.ngrok-agent.com:443\": dial tcp: lookup connect.ngrok-agent.com on [::1]:53: read udp [::1]:58797->[::1]:53: read: connection refused"
go package net: hostLookupOrder(connect.ngrok-agent.com) = files,dns
t=2026-09-13T04:17:18+0000 lvl=eror msg="failed to reconnect session" obj=tunnels.session err="failed to dial ngrok server with address \"connect.ngrok-agent.com:443\": dial tcp: lookup connect.ngrok-agent.com on [::1]:53: read udp [::1]:45509->[::1]:53: read: connection refused"
go package net: hostLookupOrder(connect.ngrok-agent.com) = files,dns
t=2026-09-13T04:17:48+0000 lvl=eror msg="failed to reconnect session" obj=tunnels.session err="failed to dial ngrok server with address \"connect.ngrok-agent.com:443\": dial tcp: lookup connect.ngrok-agent.com on [::1]:53: read udp [::1]:39101->[::1]:53: read: connection refused"
go package net: hostLookupOrder(connect.ngrok-agent.com) = files,dns
t=2026-09-13T04:18:18+0000 lvl=eror msg="failed to reconnect session" obj=tunnels.session err="failed to dial ngrok server with address \"connect.ngrok-agent.com:443\": dial tcp: lookup connect.ngrok-agent.com on [::1]:53: read udp [::1]:46688->[::1]:53: read: connection refused"
go package net: hostLookupOrder(connect.ngrok-agent.com) = files,dns
t=2026-09-13T04:18:48+0000 lvl=eror msg="failed to reconnect session" obj=tunnels.session err="failed to dial ngrok server with address \"connect.ngrok-agent.com:443\": dial tcp: lookup connect.ngrok-agent.com on [::1]:53: read udp [::1]:43168->[::1]:53: read: connection refused"
go package net: hostLookupOrder(connect.ngrok-agent.com) = files,dns
t=2026-09-13T04:19:18+0000 lvl=eror msg="failed to reconnect session" obj=tunnels.session err="failed to dial ngrok server with address \"connect.ngrok-agent.com:443\": dial tcp: lookup connect.ngrok-agent.com on [::1]:53: read udp [::1]:36220->[::1]:53: read: connection refused"
go package net: hostLookupOrder(connect.ngrok-agent.com) = files,dns
t=2026-09-13T04:19:48+0000 lvl=eror msg="failed to reconnect session" obj=tunnels.session err="failed to dial ngrok server with address \"connect.ngrok-agent.com:443\": dial tcp: lookup connect.ngrok-agent.com on [::1]:53: read udp [::1]:49089->[::1]:53: read: connection refused"
go package net: hostLookupOrder(connect.ngrok-agent.com) = files,dns
t=2026-09-13T04:20:18+0000 lvl=eror msg="failed to reconnect session" obj=tunnels.session err="failed to dial ngrok server with address \"connect.ngrok-agent.com:443\": dial tcp: lookup connect.ngrok-agent.com on [::1]:53: read udp [::1]:60862->[::1]:53: read: connection refused"
go package net: hostLookupOrder(connect.ngrok-agent.com) = files,dns
t=2026-09-13T04:20:48+0000 lvl=eror msg="failed to reconnect session" obj=tunnels.session err="failed to dial ngrok server with address \"connect.ngrok-agent.com:443\": dial tcp: lookup connect.ngrok-agent.com on [::1]:53: read udp [::1]:45734->[::1]:53: read: connection refused"
go package net: hostLookupOrder(connect.ngrok-agent.com) = files,dns
t=2026-09-13T04:21:18+0000 lvl=eror msg="failed to reconnect session" obj=tunnels.session err="failed to dial ngrok server with address \"connect.ngrok-agent.com:443\": dial tcp: lookup connect.ngrok-agent.com on [::1]:53: read udp [::1]:42281->[::1]:53: read: connection refused"
go package net: hostLookupOrder(connect.ngrok-agent.com) = files,dns
t=2026-09-13T04:21:48+0000 lvl=eror msg="failed to reconnect session" obj=tunnels.session err="failed to dial ngrok server with address \"connect.ngrok-agent.com:443\": dial tcp: lookup connect.ngrok-agent.com on [::1]:53: read udp [::1]:56076->[::1]:53: read: connection refused"
go package net: hostLookupOrder(connect.ngrok-agent.com) = files,dns
t=2026-09-13T04:22:18+0000 lvl=eror msg="failed to reconnect session" obj=tunnels.session err="failed to dial ngrok server with address \"connect.ngrok-agent.com:443\": dial tcp: lookup connect.ngrok-agent.com on [::1]:53: read udp [::1]:40270->[::1]:53: read: connection refused"
go package net: hostLookupOrder(connect.ngrok-agent.com) = files,dns
t=2026-09-13T04:22:48+0000 lvl=eror msg="failed to reconnect session" obj=tunnels.session err="failed to dial ngrok server with address \"connect.ngrok-agent.com:443\": dial tcp: lookup connect.ngrok-agent.com on [::1]:53: read udp [::1]:49492->[::1]:53: read: connection refused"
go package net: hostLookupOrder(connect.ngrok-agent.com) = files,dns
t=2026-09-13T04:23:18+0000 lvl=eror msg="failed to reconnect session" obj=tunnels.session err="failed to dial ngrok server with address \"connect.ngrok-agent.com:443\": dial tcp: lookup connect.ngrok-agent.com on [::1]:53: read udp [::1]:47792->[::1]:53: read: connection refused"
go package net: hostLookupOrder(connect.ngrok-agent.com) = files,dns
t=2026-09-13T04:23:48+0000 lvl=eror msg="failed to reconnect session" obj=tunnels.session err="failed to dial ngrok server with address \"connect.ngrok-agent.com:443\": dial tcp: lookup connect.ngrok-agent.com on [::1]:53: read udp [::1]:40687->[::1]:53: read: connection refused"
go package net: hostLookupOrder(connect.ngrok-agent.com) = files,dns
t=2026-09-13T04:24:18+0000 lvl=eror msg="failed to reconnect session" obj=tunnels.session err="failed to dial ngrok server with address \"connect.ngrok-agent.com:443\": dial tcp: lookup connect.ngrok-agent.com on [::1]:53: read udp [::1]:49764->[::1]:53: read: connection refused"
go package net: hostLookupOrder(connect.ngrok-agent.com) = files,dns
t=2026-09-13T04:24:48+0000 lvl=eror msg="failed to reconnect session" obj=tunnels.session err="failed to dial ngrok server with address \"connect.ngrok-agent.com:443\": dial tcp: lookup connect.ngrok-agent.com on [::1]:53: read udp [::1]:36852->[::1]:53: read: connection refused"
go package net: hostLookupOrder(connect.ngrok-agent.com) = files,dns
t=2026-09-13T04:25:19+0000 lvl=eror msg="failed to reconnect session" obj=tunnels.session err="failed to dial ngrok server with address \"connect.ngrok-agent.com:443\": dial tcp: lookup connect.ngrok-agent.com on [::1]:53: read udp [::1]:45016->[::1]:53: read: connection refused"
go package net: hostLookupOrder(connect.ngrok-agent.com) = files,dns
t=2026-09-13T04:25:49+0000 lvl=eror msg="failed to reconnect session" obj=tunnels.session err="failed to dial ngrok server with address \"connect.ngrok-agent.com:443\": dial tcp: lookup connect.ngrok-agent.com on [::1]:53: read udp [::1]:42507->[::1]:53: read: connection refused"
go package net: hostLookupOrder(connect.ngrok-agent.com) = files,dns
t=2026-09-13T04:26:19+0000 lvl=eror msg="failed to reconnect session" obj=tunnels.session err="failed to dial ngrok server with address \"connect.ngrok-agent.com:443\": dial tcp: lookup connect.ngrok-agent.com on [::1]:53: read udp [::1]:40462->[::1]:53: read: connection refused"
go package net: hostLookupOrder(connect.ngrok-agent.com) = files,dns
t=2026-09-13T04:26:49+0000 lvl=eror msg="failed to reconnect session" obj=tunnels.session err="failed to dial ngrok server with address \"connect.ngrok-agent.com:443\": dial tcp: lookup connect.ngrok-agent.com on [::1]:53: read udp [::1]:36439->[::1]:53: read: connection refused"
go package net: hostLookupOrder(connect.ngrok-agent.com) = files,dns
t=2026-09-13T04:27:19+0000 lvl=eror msg="failed to reconnect session" obj=tunnels.session err="failed to dial ngrok server with address \"connect.ngrok-agent.com:443\": dial tcp: lookup connect.ngrok-agent.com on [::1]:53: read udp [::1]:52969->[::1]:53: read: connection refused"
go package net: hostLookupOrder(connect.ngrok-agent.com) = files,dns
t=2026-09-13T04:27:49+0000 lvl=eror msg="failed to reconnect session" obj=tunnels.session err="failed to dial ngrok server with address \"connect.ngrok-agent.com:443\": dial tcp: lookup connect.ngrok-agent.com on [::1]:53: read udp [::1]:48895->[::1]:53: read: connection refused"
go package net: hostLookupOrder(connect.ngrok-agent.com) = files,dns
t=2026-09-13T04:28:19+0000 lvl=eror msg="failed to reconnect session" obj=tunnels.session err="failed to dial ngrok server with address \"connect.ngrok-agent.com:443\": dial tcp: lookup connect.ngrok-agent.com on [::1]:53: read udp [::1]:48781->[::1]:53: read: connection refused"
go package net: hostLookupOrder(connect.ngrok-agent.com) = files,dns
t=2026-09-13T04:28:49+0000 lvl=eror msg="failed to reconnect session" obj=tunnels.session err="failed to dial ngrok server with address \"connect.ngrok-agent.com:443\": dial tcp: lookup connect.ngrok-agent.com on [::1]:53: read udp [::1]:41089->[::1]:53: read: connection refused"
go package net: hostLookupOrder(connect.ngrok-agent.com) = files,dns
t=2026-09-13T04:29:19+0000 lvl=eror msg="failed to reconnect session" obj=tunnels.session err="failed to dial ngrok server with address \"connect.ngrok-agent.com:443\": dial tcp: lookup connect.ngrok-agent.com on [::1]:53: read udp [::1]:55486->[::1]:53: read: connection refused"
go package net: hostLookupOrder(connect.ngrok-agent.com) = files,dns
t=2026-09-13T04:29:49+0000 lvl=eror msg="failed to reconnect session" obj=tunnels.session err="failed to dial ngrok server with address \"connect.ngrok-agent.com:443\": dial tcp: lookup connect.ngrok-agent.com on [::1]:53: read udp [::1]:58770->[::1]:53: read: connection refused"
go package net: hostLookupOrder(connect.ngrok-agent.com) = files,dns
t=2026-09-13T04:30:19+0000 lvl=eror msg="failed to reconnect session" obj=tunnels.session err="failed to dial ngrok server with address \"connect.ngrok-agent.com:443\": dial tcp: lookup connect.ngrok-agent.com on [::1]:53: read udp [::1]:37995->[::1]:53: read: connection refused"
go package net: hostLookupOrder(connect.ngrok-agent.com) = files,dns
t=2026-09-13T04:30:49+0000 lvl=eror msg="failed to reconnect session" obj=tunnels.session err="failed to dial ngrok server with address \"connect.ngrok-agent.com:443\": dial tcp: lookup connect.ngrok-agent.com on [::1]:53: read udp [::1]:54730->[::1]:53: read: connection refused"
go package net: hostLookupOrder(connect.ngrok-agent.com) = files,dns
t=2026-09-13T04:31:19+0000 lvl=eror msg="failed to reconnect session" obj=tunnels.session err="failed to dial ngrok server with address \"connect.ngrok-agent.com:443\": dial tcp: lookup connect.ngrok-agent.com on [::1]:53: read udp [::1]:46140->[::1]:53: read: connection refused"
go package net: hostLookupOrder(connect.ngrok-agent.com) = files,dns
t=2026-09-13T04:31:49+0000 lvl=eror msg="failed to reconnect session" obj=tunnels.session err="failed to dial ngrok server with address \"connect.ngrok-agent.com:443\": dial tcp: lookup connect.ngrok-agent.com on [::1]:53: read udp [::1]:52232->[::1]:53: read: connection refused"
go package net: hostLookupOrder(connect.ngrok-agent.com) = files,dns
t=2026-09-13T04:32:19+0000 lvl=eror msg="failed to reconnect session" obj=tunnels.session err="failed to dial ngrok server with address \"connect.ngrok-agent.com:443\": dial tcp: lookup connect.ngrok-agent.com on [::1]:53: read udp [::1]:37272->[::1]:53: read: connection refused"
go package net: hostLookupOrder(connect.ngrok-agent.com) = files,dns
t=2026-09-13T04:32:49+0000 lvl=eror msg="failed to reconnect session" obj=tunnels.session err="failed to dial ngrok server with address \"connect.ngrok-agent.com:443\": dial tcp: lookup connect.ngrok-agent.com on [::1]:53: read udp [::1]:35977->[::1]:53: read: connection refused"
go package net: hostLookupOrder(connect.ngrok-agent.com) = files,dns
t=2026-09-13T04:33:19+0000 lvl=eror msg="failed to reconnect session" obj=tunnels.session err="failed to dial ngrok server with address \"connect.ngrok-agent.com:443\": dial tcp: lookup connect.ngrok-agent.com on [::1]:53: read udp [::1]:49904->[::1]:53: read: connection refused"
go package net: hostLookupOrder(connect.ngrok-agent.com) = files,dns
t=2026-09-13T04:33:49+0000 lvl=eror msg="failed to reconnect session" obj=tunnels.session err="failed to dial ngrok server with address \"connect.ngrok-agent.com:443\": dial tcp: lookup connect.ngrok-agent.com on [::1]:53: read udp [::1]:52881->[::1]:53: read: connection refused"
go package net: hostLookupOrder(connect.ngrok-agent.com) = files,dns
t=2026-09-13T04:34:19+0000 lvl=eror msg="failed to reconnect session" obj=tunnels.session err="failed to dial ngrok server with address \"connect.ngrok-agent.com:443\": dial tcp: lookup connect.ngrok-agent.com on [::1]:53: read udp [::1]:34038->[::1]:53: read: connection refused"
go package net: hostLookupOrder(connect.ngrok-agent.com) = files,dns
t=2026-09-13T04:34:49+0000 lvl=eror msg="failed to reconnect session" obj=tunnels.session err="failed to dial ngrok server with address \"connect.ngrok-agent.com:443\": dial tcp: lookup connect.ngrok-agent.com on [::1]:53: read udp [::1]:49012->[::1]:53: read: connection refused"
go package net: hostLookupOrder(connect.ngrok-agent.com) = files,dns
t=2026-09-13T04:35:19+0000 lvl=eror msg="failed to reconnect session" obj=tunnels.session err="failed to dial ngrok server with address \"connect.ngrok-agent.com:443\": dial tcp: lookup connect.ngrok-agent.com on [::1]:53: read udp [::1]:49185->[::1]:53: read: connection refused"
go package net: hostLookupOrder(connect.ngrok-agent.com) = files,dns
t=2026-09-13T04:35:49+0000 lvl=eror msg="failed to reconnect session" obj=tunnels.session err="failed to dial ngrok server with address \"connect.ngrok-agent.com:443\": dial tcp: lookup connect.ngrok-agent.com on [::1]:53: read udp [::1]:58261->[::1]:53: read: connection refused"
go package net: hostLookupOrder(connect.ngrok-agent.com) = files,dns
t=2026-09-13T04:36:19+0000 lvl=eror msg="failed to reconnect session" obj=tunnels.session err="failed to dial ngrok server with address \"connect.ngrok-agent.com:443\": dial tcp: lookup connect.ngrok-agent.com on [::1]:53: read udp [::1]:57711->[::1]:53: read: connection refused"
go package net: hostLookupOrder(connect.ngrok-agent.com) = files,dns
t=2026-09-13T04:36:49+0000 lvl=eror msg="failed to reconnect session" obj=tunnels.session err="failed to dial ngrok server with address \"connect.ngrok-agent.com:443\": dial tcp: lookup connect.ngrok-agent.com on [::1]:53: read udp [::1]:45611->[::1]:53: read: connection refused"
go package net: hostLookupOrder(connect.ngrok-agent.com) = files,dns
t=2026-09-13T04:37:19+0000 lvl=eror msg="failed to reconnect session" obj=tunnels.session err="failed to dial ngrok server with address \"connect.ngrok-agent.com:443\": dial tcp: lookup connect.ngrok-agent.com on [::1]:53: read udp [::1]:35588->[::1]:53: read: connection refused"
go package net: hostLookupOrder(connect.ngrok-agent.com) = files,dns
t=2026-09-13T04:37:49+0000 lvl=eror msg="failed to reconnect session" obj=tunnels.session err="failed to dial ngrok server with address \"connect.ngrok-agent.com:443\": dial tcp: lookup connect.ngrok-agent.com on [::1]:53: read udp [::1]:58127->[::1]:53: read: connection refused"
go package net: hostLookupOrder(connect.ngrok-agent.com) = files,dns
t=2026-09-13T04:38:19+0000 lvl=eror msg="failed to reconnect session" obj=tunnels.session err="failed to dial ngrok server with address \"connect.ngrok-agent.com:443\": dial tcp: lookup connect.ngrok-agent.com on [::1]:53: read udp [::1]:38470->[::1]:53: read: connection refused"
go package net: hostLookupOrder(connect.ngrok-agent.com) = files,dns
t=2026-09-13T04:38:49+0000 lvl=eror msg="failed to reconnect session" obj=tunnels.session err="failed to dial ngrok server with address \"connect.ngrok-agent.com:443\": dial tcp: lookup connect.ngrok-agent.com on [::1]:53: read udp [::1]:59723->[::1]:53: read: connection refused"
go package net: hostLookupOrder(connect.ngrok-agent.com) = files,dns
t=2026-09-13T04:39:19+0000 lvl=eror msg="failed to reconnect session" obj=tunnels.session err="failed to dial ngrok server with address \"connect.ngrok-agent.com:443\": dial tcp: lookup connect.ngrok-agent.com on [::1]:53: read udp [::1]:60774->[::1]:53: read: connection refused"
go package net: hostLookupOrder(connect.ngrok-agent.com) = files,dns
t=2026-09-13T04:39:49+0000 lvl=eror msg="failed to reconnect session" obj=tunnels.session err="failed to dial ngrok server with address \"connect.ngrok-agent.com:443\": dial tcp: lookup connect.ngrok-agent.com on [::1]:53: read udp [::1]:44824->[::1]:53: read: connection refused"
go package net: hostLookupOrder(connect.ngrok-agent.com) = files,dns
t=2026-09-13T04:40:19+0000 lvl=eror msg="failed to reconnect session" obj=tunnels.session err="failed to dial ngrok server with address \"connect.ngrok-agent.com:443\": dial tcp: lookup connect.ngrok-agent.com on [::1]:53: read udp [::1]:46099->[::1]:53: read: connection refused"
go package net: hostLookupOrder(connect.ngrok-agent.com) = files,dns
t=2026-09-13T04:40:49+0000 lvl=eror msg="failed to reconnect session" obj=tunnels.session err="failed to dial ngrok server with address \"connect.ngrok-agent.com:443\": dial tcp: lookup connect.ngrok-agent.com on [::1]:53: read udp [::1]:55655->[::1]:53: read: connection refused"
go package net: hostLookupOrder(connect.ngrok-agent.com) = files,dns
t=2026-09-13T04:41:19+0000 lvl=eror msg="failed to reconnect session" obj=tunnels.session err="failed to dial ngrok server with address \"connect.ngrok-agent.com:443\": dial tcp: lookup connect.ngrok-agent.com on [::1]:53: read udp [::1]:39853->[::1]:53: read: connection refused"
go package net: hostLookupOrder(connect.ngrok-agent.com) = files,dns
t=2026-09-13T04:41:49+0000 lvl=eror msg="failed to reconnect session" obj=tunnels.session err="failed to dial ngrok server with address \"connect.ngrok-agent.com:443\": dial tcp: lookup connect.ngrok-agent.com on [::1]:53: read udp [::1]:46571->[::1]:53: read: connection refused"
go package net: hostLookupOrder(connect.ngrok-agent.com) = files,dns
t=2026-09-13T04:42:19+0000 lvl=eror msg="failed to reconnect session" obj=tunnels.session err="failed to dial ngrok server with address \"connect.ngrok-agent.com:443\": dial tcp: lookup connect.ngrok-agent.com on [::1]:53: read udp [::1]:49715->[::1]:53: read: connection refused"
go package net: hostLookupOrder(connect.ngrok-agent.com) = files,dns
t=2026-09-13T04:42:49+0000 lvl=eror msg="failed to reconnect session" obj=tunnels.session err="failed to dial ngrok server with address \"connect.ngrok-agent.com:443\": dial tcp: lookup connect.ngrok-agent.com on [::1]:53: read udp [::1]:44249->[::1]:53: read: connection refused"
go package net: hostLookupOrder(connect.ngrok-agent.com) = files,dns
t=2026-09-13T04:43:19+0000 lvl=eror msg="failed to reconnect session" obj=tunnels.session err="failed to dial ngrok server with address \"connect.ngrok-agent.com:443\": dial tcp: lookup connect.ngrok-agent.com on [::1]:53: read udp [::1]:48063->[::1]:53: read: connection refused"
go package net: hostLookupOrder(connect.ngrok-agent.com) = files,dns
t=2026-09-13T04:43:49+0000 lvl=eror msg="failed to reconnect session" obj=tunnels.session err="failed to dial ngrok server with address \"connect.ngrok-agent.com:443\": dial tcp: lookup connect.ngrok-agent.com on [::1]:53: read udp [::1]:34920->[::1]:53: read: connection refused"
go package net: hostLookupOrder(connect.ngrok-agent.com) = files,dns
t=2026-09-13T04:44:19+0000 lvl=eror msg="failed to reconnect session" obj=tunnels.session err="failed to dial ngrok server with address \"connect.ngrok-agent.com:443\": dial tcp: lookup connect.ngrok-agent.com on [::1]:53: read udp [::1]:33115->[::1]:53: read: connection refused"
go package net: hostLookupOrder(connect.ngrok-agent.com) = files,dns
t=2026-09-13T04:44:49+0000 lvl=eror msg="failed to reconnect session" obj=tunnels.session err="failed to dial ngrok server with address \"connect.ngrok-agent.com:443\": dial tcp: lookup connect.ngrok-agent.com on [::1]:53: read udp [::1]:53868->[::1]:53: read: connection refused"
go package net: hostLookupOrder(connect.ngrok-agent.com) = files,dns
t=2026-09-13T04:45:19+0000 lvl=eror msg="failed to reconnect session" obj=tunnels.session err="failed to dial ngrok server with address \"connect.ngrok-agent.com:443\": dial tcp: lookup connect.ngrok-agent.com on [::1]:53: read udp [::1]:36236->[::1]:53: read: connection refused"
go package net: hostLookupOrder(connect.ngrok-agent.com) = files,dns
t=2026-09-13T04:45:49+0000 lvl=eror msg="failed to reconnect session" obj=tunnels.session err="failed to dial ngrok server with address \"connect.ngrok-agent.com:443\": dial tcp: lookup connect.ngrok-agent.com on [::1]:53: read udp [::1]:49398->[::1]:53: read: connection refused"
go package net: hostLookupOrder(connect.ngrok-agent.com) = files,dns
t=2026-09-13T04:46:19+0000 lvl=eror msg="failed to reconnect session" obj=tunnels.session err="failed to dial ngrok server with address \"connect.ngrok-agent.com:443\": dial tcp: lookup connect.ngrok-agent.com on [::1]:53: read udp [::1]:47463->[::1]:53: read: connection refused"
go package net: hostLookupOrder(connect.ngrok-agent.com) = files,dns
t=2026-09-13T04:46:49+0000 lvl=eror msg="failed to reconnect session" obj=tunnels.session err="failed to dial ngrok server with address \"connect.ngrok-agent.com:443\": dial tcp: lookup connect.ngrok-agent.com on [::1]:53: read udp [::1]:57915->[::1]:53: read: connection refused"
go package net: hostLookupOrder(connect.ngrok-agent.com) = files,dns
t=2026-09-13T04:47:19+0000 lvl=eror msg="failed to reconnect session" obj=tunnels.session err="failed to dial ngrok server with address \"connect.ngrok-agent.com:443\": dial tcp: lookup connect.ngrok-agent.com on [::1]:53: read udp [::1]:50986->[::1]:53: read: connection refused"
go package net: hostLookupOrder(connect.ngrok-agent.com) = files,dns
t=2026-09-13T04:47:49+0000 lvl=eror msg="failed to reconnect session" obj=tunnels.session err="failed to dial ngrok server with address \"connect.ngrok-agent.com:443\": dial tcp: lookup connect.ngrok-agent.com on [::1]:53: read udp [::1]:59897->[::1]:53: read: connection refused"
go package net: hostLookupOrder(connect.ngrok-agent.com) = files,dns
t=2026-09-13T04:48:19+0000 lvl=eror msg="failed to reconnect session" obj=tunnels.session err="failed to dial ngrok server with address \"connect.ngrok-agent.com:443\": dial tcp: lookup connect.ngrok-agent.com on [::1]:53: read udp [::1]:45548->[::1]:53: read: connection refused"
go package net: hostLookupOrder(connect.ngrok-agent.com) = files,dns
t=2026-09-13T04:48:49+0000 lvl=eror msg="failed to reconnect session" obj=tunnels.session err="failed to dial ngrok server with address \"connect.ngrok-agent.com:443\": dial tcp: lookup connect.ngrok-agent.com on [::1]:53: read udp [::1]:39729->[::1]:53: read: connection refused"
go package net: hostLookupOrder(connect.ngrok-agent.com) = files,dns
t=2026-09-13T04:49:19+0000 lvl=eror msg="failed to reconnect session" obj=tunnels.session err="failed to dial ngrok server with address \"connect.ngrok-agent.com:443\": dial tcp: lookup connect.ngrok-agent.com on [::1]:53: read udp [::1]:50933->[::1]:53: read: connection refused"
go package net: hostLookupOrder(connect.ngrok-agent.com) = files,dns
t=2026-09-13T04:49:49+0000 lvl=eror msg="failed to reconnect session" obj=tunnels.session err="failed to dial ngrok server with address \"connect.ngrok-agent.com:443\": dial tcp: lookup connect.ngrok-agent.com on [::1]:53: read udp [::1]:48008->[::1]:53: read: connection refused"
go package net: hostLookupOrder(connect.ngrok-agent.com) = files,dns
t=2026-09-13T04:50:19+0000 lvl=eror msg="failed to reconnect session" obj=tunnels.session err="failed to dial ngrok server with address \"connect.ngrok-agent.com:443\": dial tcp: lookup connect.ngrok-agent.com on [::1]:53: read udp [::1]:54842->[::1]:53: read: connection refused"
go package net: hostLookupOrder(connect.ngrok-agent.com) = files,dns
t=2026-09-13T04:50:49+0000 lvl=eror msg="failed to reconnect session" obj=tunnels.session err="failed to dial ngrok server with address \"connect.ngrok-agent.com:443\": dial tcp: lookup connect.ngrok-agent.com on [::1]:53: read udp [::1]:56452->[::1]:53: read: connection refused"
go package net: hostLookupOrder(connect.ngrok-agent.com) = files,dns
t=2026-09-13T04:51:19+0000 lvl=eror msg="failed to reconnect session" obj=tunnels.session err="failed to dial ngrok server with address \"connect.ngrok-agent.com:443\": dial tcp: lookup connect.ngrok-agent.com on [::1]:53: read udp [::1]:52525->[::1]:53: read: connection refused"
go package net: hostLookupOrder(connect.ngrok-agent.com) = files,dns
t=2026-09-13T04:51:49+0000 lvl=eror msg="failed to reconnect session" obj=tunnels.session err="failed to dial ngrok server with address \"connect.ngrok-agent.com:443\": dial tcp: lookup connect.ngrok-agent.com on [::1]:53: read udp [::1]:54502->[::1]:53: read: connection refused"
go package net: hostLookupOrder(connect.ngrok-agent.com) = files,dns
t=2026-09-13T04:52:19+0000 lvl=eror msg="failed to reconnect session" obj=tunnels.session err="failed to dial ngrok server with address \"connect.ngrok-agent.com:443\": dial tcp: lookup connect.ngrok-agent.com on [::1]:53: read udp [::1]:44278->[::1]:53: read: connection refused"
go package net: hostLookupOrder(connect.ngrok-agent.com) = files,dns
t=2026-09-13T04:52:49+0000 lvl=eror msg="failed to reconnect session" obj=tunnels.session err="failed to dial ngrok server with address \"connect.ngrok-agent.com:443\": dial tcp: lookup connect.ngrok-agent.com on [::1]:53: read udp [::1]:60184->[::1]:53: read: connection refused"
go package net: hostLookupOrder(connect.ngrok-agent.com) = files,dns
t=2026-09-13T04:53:19+0000 lvl=eror msg="failed to reconnect session" obj=tunnels.session err="failed to dial ngrok server with address \"connect.ngrok-agent.com:443\": dial tcp: lookup connect.ngrok-agent.com on [::1]:53: read udp [::1]:55410->[::1]:53: read: connection refused"
go package net: hostLookupOrder(connect.ngrok-agent.com) = files,dns
t=2026-09-13T04:53:49+0000 lvl=eror msg="failed to reconnect session" obj=tunnels.session err="failed to dial ngrok server with address \"connect.ngrok-agent.com:443\": dial tcp: lookup connect.ngrok-agent.com on [::1]:53: read udp [::1]:48753->[::1]:53: read: connection refused"
go package net: hostLookupOrder(connect.ngrok-agent.com) = files,dns
t=2026-09-13T04:54:19+0000 lvl=eror msg="failed to reconnect session" obj=tunnels.session err="failed to dial ngrok server with address \"connect.ngrok-agent.com:443\": dial tcp: lookup connect.ngrok-agent.com on [::1]:53: read udp [::1]:37799->[::1]:53: read: connection refused"
go package net: hostLookupOrder(connect.ngrok-agent.com) = files,dns
t=2026-09-13T04:54:49+0000 lvl=eror msg="failed to reconnect session" obj=tunnels.session err="failed to dial ngrok server with address \"connect.ngrok-agent.com:443\": dial tcp: lookup connect.ngrok-agent.com on [::1]:53: read udp [::1]:51629->[::1]:53: read: connection refused"
go package net: hostLookupOrder(connect.ngrok-agent.com) = files,dns
t=2026-09-13T04:55:19+0000 lvl=eror msg="failed to reconnect session" obj=tunnels.session err="failed to dial ngrok server with address \"connect.ngrok-agent.com:443\": dial tcp: lookup connect.ngrok-agent.com on [::1]:53: read udp [::1]:47310->[::1]:53: read: connection refused"
go package net: hostLookupOrder(connect.ngrok-agent.com) = files,dns
t=2026-09-13T04:55:49+0000 lvl=eror msg="failed to reconnect session" obj=tunnels.session err="failed to dial ngrok server with address \"connect.ngrok-agent.com:443\": dial tcp: lookup connect.ngrok-agent.com on [::1]:53: read udp [::1]:33351->[::1]:53: read: connection refused"
go package net: hostLookupOrder(connect.ngrok-agent.com) = files,dns
t=2026-09-13T04:56:19+0000 lvl=eror msg="failed to reconnect session" obj=tunnels.session err="failed to dial ngrok server with address \"connect.ngrok-agent.com:443\": dial tcp: lookup connect.ngrok-agent.com on [::1]:53: read udp [::1]:40925->[::1]:53: read: connection refused"
go package net: hostLookupOrder(connect.ngrok-agent.com) = files,dns
t=2026-09-13T04:56:49+0000 lvl=eror msg="failed to reconnect session" obj=tunnels.session err="failed to dial ngrok server with address \"connect.ngrok-agent.com:443\": dial tcp: lookup connect.ngrok-agent.com on [::1]:53: read udp [::1]:47287->[::1]:53: read: connection refused"
go package net: hostLookupOrder(connect.ngrok-agent.com) = files,dns
t=2026-09-13T04:57:19+0000 lvl=eror msg="failed to reconnect session" obj=tunnels.session err="failed to dial ngrok server with address \"connect.ngrok-agent.com:443\": dial tcp: lookup connect.ngrok-agent.com on [::1]:53: read udp [::1]:41091->[::1]:53: read: connection refused"
go package net: hostLookupOrder(connect.ngrok-agent.com) = files,dns
t=2026-09-13T04:57:49+0000 lvl=eror msg="failed to reconnect session" obj=tunnels.session err="failed to dial ngrok server with address \"connect.ngrok-agent.com:443\": dial tcp: lookup connect.ngrok-agent.com on [::1]:53: read udp [::1]:41847->[::1]:53: read: connection refused"
go package net: hostLookupOrder(connect.ngrok-agent.com) = files,dns
t=2026-09-13T04:58:19+0000 lvl=eror msg="failed to reconnect session" obj=tunnels.session err="failed to dial ngrok server with address \"connect.ngrok-agent.com:443\": dial tcp: lookup connect.ngrok-agent.com on [::1]:53: read udp [::1]:41548->[::1]:53: read: connection refused"
go package net: hostLookupOrder(connect.ngrok-agent.com) = files,dns
t=2026-09-13T04:58:49+0000 lvl=eror msg="failed to reconnect session" obj=tunnels.session err="failed to dial ngrok server with address \"connect.ngrok-agent.com:443\": dial tcp: lookup connect.ngrok-agent.com on [::1]:53: read udp [::1]:41456->[::1]:53: read: connection refused"
go package net: hostLookupOrder(connect.ngrok-agent.com) = files,dns
t=2026-09-13T04:59:19+0000 lvl=eror msg="failed to reconnect session" obj=tunnels.session err="failed to dial ngrok server with address \"connect.ngrok-agent.com:443\": dial tcp: lookup connect.ngrok-agent.com on [::1]:53: read udp [::1]:57557->[::1]:53: read: connection refused"
go package net: hostLookupOrder(connect.ngrok-agent.com) = files,dns
t=2026-09-13T04:59:49+0000 lvl=eror msg="failed to reconnect session" obj=tunnels.session err="failed to dial ngrok server with address \"connect.ngrok-agent.com:443\": dial tcp: lookup connect.ngrok-agent.com on [::1]:53: read udp [::1]:48876->[::1]:53: read: connection refused"
go package net: hostLookupOrder(connect.ngrok-agent.com) = files,dns
t=2026-09-13T05:00:19+0000 lvl=eror msg="failed to reconnect session" obj=tunnels.session err="failed to dial ngrok server with address \"connect.ngrok-agent.com:443\": dial tcp: lookup connect.ngrok-agent.com on [::1]:53: read udp [::1]:52560->[::1]:53: read: connection refused"
go package net: hostLookupOrder(connect.ngrok-agent.com) = files,dns
t=2026-09-13T05:00:49+0000 lvl=eror msg="failed to reconnect session" obj=tunnels.session err="failed to dial ngrok server with address \"connect.ngrok-agent.com:443\": dial tcp: lookup connect.ngrok-agent.com on [::1]:53: read udp [::1]:60460->[::1]:53: read: connection refused"
go package net: hostLookupOrder(connect.ngrok-agent.com) = files,dns
t=2026-09-13T05:01:19+0000 lvl=eror msg="failed to reconnect session" obj=tunnels.session err="failed to dial ngrok server with address \"connect.ngrok-agent.com:443\": dial tcp: lookup connect.ngrok-agent.com on [::1]:53: read udp [::1]:41216->[::1]:53: read: connection refused"
go package net: hostLookupOrder(connect.ngrok-agent.com) = files,dns
t=2026-09-13T05:01:49+0000 lvl=eror msg="failed to reconnect session" obj=tunnels.session err="failed to dial ngrok server with address \"connect.ngrok-agent.com:443\": dial tcp: lookup connect.ngrok-agent.com on [::1]:53: read udp [::1]:58390->[::1]:53: read: connection refused"
go package net: hostLookupOrder(connect.ngrok-agent.com) = files,dns
t=2026-09-13T05:02:19+0000 lvl=eror msg="failed to reconnect session" obj=tunnels.session err="failed to dial ngrok server with address \"connect.ngrok-agent.com:443\": dial tcp: lookup connect.ngrok-agent.com on [::1]:53: read udp [::1]:41751->[::1]:53: read: connection refused"
go package net: hostLookupOrder(connect.ngrok-agent.com) = files,dns
t=2026-09-13T05:02:49+0000 lvl=eror msg="failed to reconnect session" obj=tunnels.session err="failed to dial ngrok server with address \"connect.ngrok-agent.com:443\": dial tcp: lookup connect.ngrok-agent.com on [::1]:53: read udp [::1]:35312->[::1]:53: read: connection refused"
go package net: hostLookupOrder(connect.ngrok-agent.com) = files,dns
t=2026-09-13T05:03:19+0000 lvl=eror msg="failed to reconnect session" obj=tunnels.session err="failed to dial ngrok server with address \"connect.ngrok-agent.com:443\": dial tcp: lookup connect.ngrok-agent.com on [::1]:53: read udp [::1]:43005->[::1]:53: read: connection refused"
go package net: hostLookupOrder(connect.ngrok-agent.com) = files,dns
t=2026-09-13T05:03:49+0000 lvl=eror msg="failed to reconnect session" obj=tunnels.session err="failed to dial ngrok server with address \"connect.ngrok-agent.com:443\": dial tcp: lookup connect.ngrok-agent.com on [::1]:53: read udp [::1]:41036->[::1]:53: read: connection refused"
go package net: hostLookupOrder(connect.ngrok-agent.com) = files,dns
t=2026-09-13T05:04:19+0000 lvl=eror msg="failed to reconnect session" obj=tunnels.session err="failed to dial ngrok server with address \"connect.ngrok-agent.com:443\": dial tcp: lookup connect.ngrok-agent.com on [::1]:53: read udp [::1]:49900->[::1]:53: read: connection refused"
go package net: hostLookupOrder(connect.ngrok-agent.com) = files,dns
t=2026-09-13T05:04:49+0000 lvl=eror msg="failed to reconnect session" obj=tunnels.session err="failed to dial ngrok server with address \"connect.ngrok-agent.com:443\": dial tcp: lookup connect.ngrok-agent.com on [::1]:53: read udp [::1]:60651->[::1]:53: read: connection refused"
go package net: hostLookupOrder(connect.ngrok-agent.com) = files,dns
t=2026-09-13T05:05:19+0000 lvl=eror msg="failed to reconnect session" obj=tunnels.session err="failed to dial ngrok server with address \"connect.ngrok-agent.com:443\": dial tcp: lookup connect.ngrok-agent.com on [::1]:53: read udp [::1]:57754->[::1]:53: read: connection refused"
go package net: hostLookupOrder(connect.ngrok-agent.com) = files,dns
t=2026-09-13T05:05:49+0000 lvl=eror msg="failed to reconnect session" obj=tunnels.session err="failed to dial ngrok server with address \"connect.ngrok-agent.com:443\": dial tcp: lookup connect.ngrok-agent.com on [::1]:53: read udp [::1]:42804->[::1]:53: read: connection refused"
go package net: hostLookupOrder(connect.ngrok-agent.com) = files,dns
t=2026-09-13T05:06:19+0000 lvl=eror msg="failed to reconnect session" obj=tunnels.session err="failed to dial ngrok server with address \"connect.ngrok-agent.com:443\": dial tcp: lookup connect.ngrok-agent.com on [::1]:53: read udp [::1]:55936->[::1]:53: read: connection refused"
go package net: hostLookupOrder(connect.ngrok-agent.com) = files,dns
t=2026-09-13T05:06:49+0000 lvl=eror msg="failed to reconnect session" obj=tunnels.session err="failed to dial ngrok server with address \"connect.ngrok-agent.com:443\": dial tcp: lookup connect.ngrok-agent.com on [::1]:53: read udp [::1]:41529->[::1]:53: read: connection refused"
go package net: hostLookupOrder(connect.ngrok-agent.com) = files,dns
t=2026-09-13T05:07:19+0000 lvl=eror msg="failed to reconnect session" obj=tunnels.session err="failed to dial ngrok server with address \"connect.ngrok-agent.com:443\": dial tcp: lookup connect.ngrok-agent.com on [::1]:53: read udp [::1]:36824->[::1]:53: read: connection refused"
