t=2026-09-13T03:56:53+0000 lvl=info msg="no configuration paths supplied"
t=2026-09-13T03:56:53+0000 lvl=info msg="using configuration at default config path" path=/data/data/com.termux/files/home/.config/ngrok/ngrok.yml
t=2026-09-13T03:56:53+0000 lvl=info msg="open config file" path=/data/data/com.termux/files/home/.config/ngrok/ngrok.yml err=<nil>
t=2026-09-13T03:56:53+0000 lvl=info msg="FIPS 140 mode" enabled=false
t=2026-09-13T03:56:53+0000 lvl=eror msg="unable to check interfaces" obj=tunnels.session err="route ip+net: netlinkrib: permission denied"
t=2026-09-13T03:56:53+0000 lvl=info msg="starting web service" obj=web addr=127.0.0.1:4040 allow_hosts=[]
t=2026-09-13T03:56:53+0000 lvl=eror msg="failed to reconnect session" obj=tunnels.session err="failed to dial ngrok server with address \"connect.ngrok-agent.com:443\": dial tcp: lookup connect.ngrok-agent.com on [::1]:53: read udp [::1]:60963->[::1]:53: read: connection refused"
t=2026-09-13T03:56:54+0000 lvl=warn msg="failed to check for update" obj=updater err="Post \"https://update.ngrok-agent.com/check\": dial tcp: lookup update.ngrok-agent.com on [::1]:53: read udp [::1]:43825->[::1]:53: read: connection refused"
t=2026-09-13T03:56:54+0000 lvl=eror msg="failed to reconnect session" obj=tunnels.session err="failed to dial ngrok server with address \"connect.ngrok-agent.com:443\": dial tcp: lookup connect.ngrok-agent.com on [::1]:53: read udp [::1]:54175->[::1]:53: read: connection refused"
t=2026-09-13T03:56:55+0000 lvl=eror msg="failed to reconnect session" obj=tunnels.session err="failed to dial ngrok server with address \"connect.ngrok-agent.com:443\": dial tcp: lookup connect.ngrok-agent.com on [::1]:53: read udp [::1]:55037->[::1]:53: read: connection refused"
t=2026-09-13T03:56:57+0000 lvl=eror msg="failed to reconnect session" obj=tunnels.session err="failed to dial ngrok server with address \"connect.ngrok-agent.com:443\": dial tcp: lookup connect.ngrok-agent.com on [::1]:53: read udp [::1]:35090->[::1]:53: read: connection refused"
t=2026-09-13T03:57:01+0000 lvl=eror msg="failed to reconnect session" obj=tunnels.session err="failed to dial ngrok server with address \"connect.ngrok-agent.com:443\": dial tcp: lookup connect.ngrok-agent.com on [::1]:53: read udp [::1]:54602->[::1]:53: read: connection refused"
t=2026-09-13T03:57:09+0000 lvl=eror msg="failed to reconnect session" obj=tunnels.session err="failed to dial ngrok server with address \"connect.ngrok-agent.com:443\": dial tcp: lookup connect.ngrok-agent.com on [::1]:53: read udp [::1]:39217->[::1]:53: read: connection refused"
t=2026-09-13T03:57:25+0000 lvl=eror msg="failed to reconnect session" obj=tunnels.session err="failed to dial ngrok server with address \"connect.ngrok-agent.com:443\": dial tcp: lookup connect.ngrok-agent.com on [::1]:53: read udp [::1]:50339->[::1]:53: read: connection refused"
t=2026-09-13T03:57:55+0000 lvl=eror msg="failed to reconnect session" obj=tunnels.session err="failed to dial ngrok server with address \"connect.ngrok-agent.com:443\": dial tcp: lookup connect.ngrok-agent.com on [::1]:53: read udp [::1]:58772->[::1]:53: read: connection refused"
t=2026-09-13T03:58:25+0000 lvl=eror msg="failed to reconnect session" obj=tunnels.session err="failed to dial ngrok server with address \"connect.ngrok-agent.com:443\": dial tcp: lookup connect.ngrok-agent.com on [::1]:53: read udp [::1]:59096->[::1]:53: read: connection refused"
t=2026-09-13T03:58:55+0000 lvl=eror msg="failed to reconnect session" obj=tunnels.session err="failed to dial ngrok server with address \"connect.ngrok-agent.com:443\": dial tcp: lookup connect.ngrok-agent.com on [::1]:53: read udp [::1]:41409->[::1]:53: read: connection refused"
t=2026-09-13T03:59:25+0000 lvl=eror msg="failed to reconnect session" obj=tunnels.session err="failed to dial ngrok server with address \"connect.ngrok-agent.com:443\": dial tcp: lookup connect.ngrok-agent.com on [::1]:53: read udp [::1]:58205->[::1]:53: read: connection refused"
t=2026-09-13T03:59:55+0000 lvl=eror msg="failed to reconnect session" obj=tunnels.session err="failed to dial ngrok server with address \"connect.ngrok-agent.com:443\": dial tcp: lookup connect.ngrok-agent.com on [::1]:53: read udp [::1]:53562->[::1]:53: read: connection refused"
t=2026-09-13T04:00:25+0000 lvl=eror msg="failed to reconnect session" obj=tunnels.session err="failed to dial ngrok server with address \"connect.ngrok-agent.com:443\": dial tcp: lookup connect.ngrok-agent.com on [::1]:53: read udp [::1]:44605->[::1]:53: read: connection refused"
t=2026-09-13T04:00:55+0000 lvl=eror msg="failed to reconnect session" obj=tunnels.session err="failed to dial ngrok server with address \"connect.ngrok-agent.com:443\": dial tcp: lookup connect.ngrok-agent.com on [::1]:53: read udp [::1]:48191->[::1]:53: read: connection refused"
t=2026-09-13T04:01:25+0000 lvl=eror msg="failed to reconnect session" obj=tunnels.session err="failed to dial ngrok server with address \"connect.ngrok-agent.com:443\": dial tcp: lookup connect.ngrok-agent.com on [::1]:53: read udp [::1]:36452->[::1]:53: read: connection refused"
t=2026-09-13T04:01:27+0000 lvl=info msg="INFO received stop request obj=app stopReq=\"{err:<nil> restart:false}\""
t=2026-09-13T04:01:27+0000 lvl=info msg="session closing" obj=tunnels.session err=<nil>
